08-27 09:31:43.073 17612 17630 I TestRunner: started: recycler_view_item_count(com.example.dogglers.VerticalListTests)
08-27 09:31:43.080 17612 17630 W Settings: Setting always_finish_activities has moved from android.provider.Settings.System to android.provider.Settings.Global, returning read-only value.
08-27 09:31:43.095  2653  2660 I art     : Ignoring second debugger -- accepting and dropping
08-27 09:31:43.105 17612 17612 D LifecycleMonitor: Lifecycle status change: androidx.test.core.app.InstrumentationActivityInvoker$BootstrapActivity@4be1232 in: PRE_ON_CREATE
08-27 09:31:43.105 17612 17612 V ActivityScenario: Activity lifecycle changed event received but ignored because the intent does not match. startActivityIntent=Intent { act=android.intent.action.MAIN cat=[android.intent.category.LAUNCHER] cmp=com.example.dogglers/.VerticalListActivity }, activity.getIntent()=Intent { act=android.intent.action.MAIN cat=[android.intent.category.LAUNCHER] flg=0x10008000 cmp=com.example.dogglers/androidx.test.core.app.InstrumentationActivityInvoker$BootstrapActivity (has extras) }, activity=androidx.test.core.app.InstrumentationActivityInvoker$BootstrapActivity@4be1232
08-27 09:31:43.116 17612 17612 D LifecycleMonitor: Lifecycle status change: androidx.test.core.app.InstrumentationActivityInvoker$BootstrapActivity@4be1232 in: CREATED
08-27 09:31:43.116 17612 17612 V ActivityScenario: Activity lifecycle changed event received but ignored because the intent does not match. startActivityIntent=Intent { act=android.intent.action.MAIN cat=[android.intent.category.LAUNCHER] cmp=com.example.dogglers/.VerticalListActivity }, activity.getIntent()=Intent { act=android.intent.action.MAIN cat=[android.intent.category.LAUNCHER] flg=0x10008000 cmp=com.example.dogglers/androidx.test.core.app.InstrumentationActivityInvoker$BootstrapActivity (has extras) }, activity=androidx.test.core.app.InstrumentationActivityInvoker$BootstrapActivity@4be1232
08-27 09:31:43.116  1535  1570 D gralloc_gmin: gralloc_alloc: Creating ashmem region of size 2359296
08-27 09:31:43.120 17612 17612 D LifecycleMonitor: Lifecycle status change: androidx.test.core.app.InstrumentationActivityInvoker$BootstrapActivity@4be1232 in: STARTED
08-27 09:31:43.120 17612 17612 V ActivityScenario: Activity lifecycle changed event received but ignored because the intent does not match. startActivityIntent=Intent { act=android.intent.action.MAIN cat=[android.intent.category.LAUNCHER] cmp=com.example.dogglers/.VerticalListActivity }, activity.getIntent()=Intent { act=android.intent.action.MAIN cat=[android.intent.category.LAUNCHER] flg=0x10008000 cmp=com.example.dogglers/androidx.test.core.app.InstrumentationActivityInvoker$BootstrapActivity (has extras) }, activity=androidx.test.core.app.InstrumentationActivityInvoker$BootstrapActivity@4be1232
08-27 09:31:43.121  2143  2150 I art     : Ignoring second debugger -- accepting and dropping
08-27 09:31:43.129 17612 17612 D LifecycleMonitor: Lifecycle status change: androidx.test.core.app.InstrumentationActivityInvoker$BootstrapActivity@4be1232 in: RESUMED
08-27 09:31:43.129 17612 17612 V ActivityScenario: Activity lifecycle changed event received but ignored because the intent does not match. startActivityIntent=Intent { act=android.intent.action.MAIN cat=[android.intent.category.LAUNCHER] cmp=com.example.dogglers/.VerticalListActivity }, activity.getIntent()=Intent { act=android.intent.action.MAIN cat=[android.intent.category.LAUNCHER] flg=0x10008000 cmp=com.example.dogglers/androidx.test.core.app.InstrumentationActivityInvoker$BootstrapActivity (has extras) }, activity=androidx.test.core.app.InstrumentationActivityInvoker$BootstrapActivity@4be1232
08-27 09:31:43.136 17612 17612 D LifecycleMonitor: Lifecycle status change: androidx.test.core.app.InstrumentationActivityInvoker$BootstrapActivity@4be1232 in: PAUSED
08-27 09:31:43.136 17612 17612 V ActivityScenario: Activity lifecycle changed event received but ignored because the intent does not match. startActivityIntent=Intent { act=android.intent.action.MAIN cat=[android.intent.category.LAUNCHER] cmp=com.example.dogglers/.VerticalListActivity }, activity.getIntent()=Intent { act=android.intent.action.MAIN cat=[android.intent.category.LAUNCHER] flg=0x10008000 cmp=com.example.dogglers/androidx.test.core.app.InstrumentationActivityInvoker$BootstrapActivity (has extras) }, activity=androidx.test.core.app.InstrumentationActivityInvoker$BootstrapActivity@4be1232
08-27 09:31:43.148  2431  2441 I art     : Ignoring second debugger -- accepting and dropping
08-27 09:31:43.175  2527  2541 I art     : Ignoring second debugger -- accepting and dropping
08-27 09:31:43.226 17612 17612 W art     : Before Android 4.1, method android.graphics.PorterDuffColorFilter androidx.vectordrawable.graphics.drawable.VectorDrawableCompat.updateTintFilter(android.graphics.PorterDuffColorFilter, android.content.res.ColorStateList, android.graphics.PorterDuff$Mode) would have incorrectly overridden the package-private method in android.graphics.drawable.Drawable
08-27 09:31:43.237 17612 17612 D LifecycleMonitor: Lifecycle status change: com.example.dogglers.VerticalListActivity@2b295c4 in: PRE_ON_CREATE
08-27 09:31:43.237 17612 17612 V ActivityScenario: Activity lifecycle changed event received but ignored because the reported transition was not ON_CREATE while the last known transition was PRE_ON_CREATE
08-27 09:31:43.345 17612 17612 D LifecycleMonitor: Lifecycle status change: com.example.dogglers.VerticalListActivity@2b295c4 in: CREATED
08-27 09:31:43.345 17612 17612 V ActivityScenario: Update currentActivityStage to CREATED, currentActivity=com.example.dogglers.VerticalListActivity@2b295c4
08-27 09:31:43.348 17612 17612 D LifecycleMonitor: Lifecycle status change: com.example.dogglers.VerticalListActivity@2b295c4 in: STARTED
08-27 09:31:43.348 17612 17612 V ActivityScenario: Update currentActivityStage to STARTED, currentActivity=com.example.dogglers.VerticalListActivity@2b295c4
08-27 09:31:43.350 17612 17612 D LifecycleMonitor: Lifecycle status change: com.example.dogglers.VerticalListActivity@2b295c4 in: RESUMED
08-27 09:31:43.350 17612 17612 V ActivityScenario: Update currentActivityStage to RESUMED, currentActivity=com.example.dogglers.VerticalListActivity@2b295c4
08-27 09:31:43.363 17612 17612 D         : HostConnection::get() New Host Connection established 0x7f7943e349f0, tid 17612
08-27 09:31:43.364 17612 17612 W         : Process pipe failed
08-27 09:31:43.406 17612 17634 D         : HostConnection::get() New Host Connection established 0x7f7943e34fa0, tid 17634
08-27 09:31:43.413 17612 17634 I OpenGLRenderer: Initialized EGL, version 1.4
08-27 09:31:43.414 17612 17634 D OpenGLRenderer: Swap behavior 1
08-27 09:31:43.416 17612 17634 E EGL_adreno: CreateContext rcMajorVersion:3, minorVersion:0
08-27 09:31:43.418 17612 17634 D EGL_adreno: eglCreateContext: 0x7f793abe3aa0: maj 3 min 0 rcv 3
08-27 09:31:43.560 17612 17612 W art     : Before Android 4.1, method int androidx.appcompat.widget.DropDownListView.lookForSelectablePosition(int, boolean) would have incorrectly overridden the package-private method in android.widget.ListView
08-27 09:31:43.725  1926  1947 I ActivityManager: Displayed com.example.dogglers/.VerticalListActivity: +586ms (total +630ms)
08-27 09:31:43.743 17612 17612 D LifecycleMonitor: Lifecycle status change: androidx.test.core.app.InstrumentationActivityInvoker$BootstrapActivity@4be1232 in: STOPPED
08-27 09:31:43.743 17612 17612 V ActivityScenario: Activity lifecycle changed event received but ignored because the intent does not match. startActivityIntent=Intent { act=android.intent.action.MAIN cat=[android.intent.category.LAUNCHER] cmp=com.example.dogglers/.VerticalListActivity }, activity.getIntent()=Intent { act=android.intent.action.MAIN cat=[android.intent.category.LAUNCHER] flg=0x10008000 cmp=com.example.dogglers/androidx.test.core.app.InstrumentationActivityInvoker$BootstrapActivity (has extras) }, activity=androidx.test.core.app.InstrumentationActivityInvoker$BootstrapActivity@4be1232
08-27 09:31:43.747 17612 17630 D EventInjectionStrategy: Creating injection strategy with input manager.
08-27 09:31:43.749  2359  3150 I FontLog : Received query Noto Color Emoji Compat, URI content://com.google.android.gms.fonts [CONTEXT service_id=132 ]
08-27 09:31:43.750  2359  3150 I FontLog : Query [emojicompat-emoji-font] resolved to {Noto Color Emoji Compat, wdth 100.0, wght 400, ital 0.0, bestEffort false} [CONTEXT service_id=132 ]
08-27 09:31:43.754  2359  3150 I FontLog : Fetch {Noto Color Emoji Compat, wdth 100.0, wght 400, ital 0.0, bestEffort false} end status Status{statusCode=SUCCESS, resolution=null} [CONTEXT service_id=132 ]
08-27 09:31:43.763  2359  3150 I FontLog : Pulling font file for id = 25, cache size = 4 [CONTEXT service_id=132 ]
08-27 09:31:43.767  2359  3150 I FontLog : Pulling font file for id = 25, cache size = 4 [CONTEXT service_id=132 ]
08-27 09:31:43.775 17612 17612 I ViewInteraction: Checking 'com.example.dogglers.BaseTest$DrawableMatcher$RecyclerViewAssertion@7ffa114' assertion on view view.getId() is <2131231206/com.example.dogglers:id/vertical_recycler_view>
08-27 09:31:43.801 17612 17612 D LifecycleMonitor: Lifecycle status change: com.example.dogglers.VerticalListActivity@2b295c4 in: PAUSED
08-27 09:31:43.801 17612 17612 V ActivityScenario: Update currentActivityStage to PAUSED, currentActivity=com.example.dogglers.VerticalListActivity@2b295c4
08-27 09:31:43.808 17612 17612 D LifecycleMonitor: Lifecycle status change: androidx.test.core.app.InstrumentationActivityInvoker$EmptyActivity@2b094fe in: PRE_ON_CREATE
08-27 09:31:43.808 17612 17612 V ActivityScenario: Activity lifecycle changed event received but ignored because the intent does not match. startActivityIntent=Intent { act=android.intent.action.MAIN cat=[android.intent.category.LAUNCHER] cmp=com.example.dogglers/.VerticalListActivity }, activity.getIntent()=Intent { act=android.intent.action.MAIN cat=[android.intent.category.LAUNCHER] flg=0x10000000 cmp=com.example.dogglers/androidx.test.core.app.InstrumentationActivityInvoker$EmptyActivity }, activity=androidx.test.core.app.InstrumentationActivityInvoker$EmptyActivity@2b094fe
08-27 09:31:43.813 17612 17612 D LifecycleMonitor: Lifecycle status change: androidx.test.core.app.InstrumentationActivityInvoker$EmptyActivity@2b094fe in: CREATED
08-27 09:31:43.813 17612 17612 V ActivityScenario: Activity lifecycle changed event received but ignored because the intent does not match. startActivityIntent=Intent { act=android.intent.action.MAIN cat=[android.intent.category.LAUNCHER] cmp=com.example.dogglers/.VerticalListActivity }, activity.getIntent()=Intent { act=android.intent.action.MAIN cat=[android.intent.category.LAUNCHER] flg=0x10000000 cmp=com.example.dogglers/androidx.test.core.app.InstrumentationActivityInvoker$EmptyActivity }, activity=androidx.test.core.app.InstrumentationActivityInvoker$EmptyActivity@2b094fe
08-27 09:31:43.815 17612 17612 D LifecycleMonitor: Lifecycle status change: androidx.test.core.app.InstrumentationActivityInvoker$EmptyActivity@2b094fe in: STARTED
08-27 09:31:43.815 17612 17612 V ActivityScenario: Activity lifecycle changed event received but ignored because the intent does not match. startActivityIntent=Intent { act=android.intent.action.MAIN cat=[android.intent.category.LAUNCHER] cmp=com.example.dogglers/.VerticalListActivity }, activity.getIntent()=Intent { act=android.intent.action.MAIN cat=[android.intent.category.LAUNCHER] flg=0x10000000 cmp=com.example.dogglers/androidx.test.core.app.InstrumentationActivityInvoker$EmptyActivity }, activity=androidx.test.core.app.InstrumentationActivityInvoker$EmptyActivity@2b094fe
08-27 09:31:43.818 17612 17612 D LifecycleMonitor: Lifecycle status change: androidx.test.core.app.InstrumentationActivityInvoker$EmptyActivity@2b094fe in: RESUMED
08-27 09:31:43.818 17612 17612 V ActivityScenario: Activity lifecycle changed event received but ignored because the intent does not match. startActivityIntent=Intent { act=android.intent.action.MAIN cat=[android.intent.category.LAUNCHER] cmp=com.example.dogglers/.VerticalListActivity }, activity.getIntent()=Intent { act=android.intent.action.MAIN cat=[android.intent.category.LAUNCHER] flg=0x10000000 cmp=com.example.dogglers/androidx.test.core.app.InstrumentationActivityInvoker$EmptyActivity }, activity=androidx.test.core.app.InstrumentationActivityInvoker$EmptyActivity@2b094fe
08-27 09:31:43.841 17612 17617 I art     : Do partial code cache collection, code=26KB, data=29KB
08-27 09:31:43.841 17612 17617 I art     : After code cache collection, code=26KB, data=29KB
08-27 09:31:43.841 17612 17617 I art     : Increasing code cache capacity to 128KB
08-27 09:31:43.912 17612 17612 D LifecycleMonitor: Lifecycle status change: androidx.test.core.app.InstrumentationActivityInvoker$EmptyActivity@2b094fe in: PAUSED
08-27 09:31:43.912 17612 17612 V ActivityScenario: Activity lifecycle changed event received but ignored because the intent does not match. startActivityIntent=Intent { act=android.intent.action.MAIN cat=[android.intent.category.LAUNCHER] cmp=com.example.dogglers/.VerticalListActivity }, activity.getIntent()=Intent { act=android.intent.action.MAIN cat=[android.intent.category.LAUNCHER] flg=0x10000000 cmp=com.example.dogglers/androidx.test.core.app.InstrumentationActivityInvoker$EmptyActivity }, activity=androidx.test.core.app.InstrumentationActivityInvoker$EmptyActivity@2b094fe
08-27 09:31:43.919 17612 17612 D LifecycleMonitor: Lifecycle status change: androidx.test.core.app.InstrumentationActivityInvoker$BootstrapActivity@4be1232 in: DESTROYED
08-27 09:31:43.920 17612 17612 V ActivityScenario: Activity lifecycle changed event received but ignored because the intent does not match. startActivityIntent=Intent { act=android.intent.action.MAIN cat=[android.intent.category.LAUNCHER] cmp=com.example.dogglers/.VerticalListActivity }, activity.getIntent()=Intent { act=android.intent.action.MAIN cat=[android.intent.category.LAUNCHER] flg=0x10008000 cmp=com.example.dogglers/androidx.test.core.app.InstrumentationActivityInvoker$BootstrapActivity (has extras) }, activity=androidx.test.core.app.InstrumentationActivityInvoker$BootstrapActivity@4be1232
08-27 09:31:43.922 17612 17612 D LifecycleMonitor: Lifecycle status change: androidx.test.core.app.InstrumentationActivityInvoker$EmptyActivity@ffd030a in: PRE_ON_CREATE
08-27 09:31:43.922 17612 17612 V ActivityScenario: Activity lifecycle changed event received but ignored because the intent does not match. startActivityIntent=Intent { act=android.intent.action.MAIN cat=[android.intent.category.LAUNCHER] cmp=com.example.dogglers/.VerticalListActivity }, activity.getIntent()=Intent { act=android.intent.action.MAIN cat=[android.intent.category.LAUNCHER] flg=0x10000000 cmp=com.example.dogglers/androidx.test.core.app.InstrumentationActivityInvoker$EmptyActivity }, activity=androidx.test.core.app.InstrumentationActivityInvoker$EmptyActivity@ffd030a
08-27 09:31:43.925 17612 17612 D LifecycleMonitor: Lifecycle status change: androidx.test.core.app.InstrumentationActivityInvoker$EmptyActivity@ffd030a in: CREATED
08-27 09:31:43.925 17612 17612 V ActivityScenario: Activity lifecycle changed event received but ignored because the intent does not match. startActivityIntent=Intent { act=android.intent.action.MAIN cat=[android.intent.category.LAUNCHER] cmp=com.example.dogglers/.VerticalListActivity }, activity.getIntent()=Intent { act=android.intent.action.MAIN cat=[android.intent.category.LAUNCHER] flg=0x10000000 cmp=com.example.dogglers/androidx.test.core.app.InstrumentationActivityInvoker$EmptyActivity }, activity=androidx.test.core.app.InstrumentationActivityInvoker$EmptyActivity@ffd030a
08-27 09:31:43.925 17612 17612 D LifecycleMonitor: Lifecycle status change: androidx.test.core.app.InstrumentationActivityInvoker$EmptyActivity@ffd030a in: STARTED
08-27 09:31:43.926 17612 17612 V ActivityScenario: Activity lifecycle changed event received but ignored because the intent does not match. startActivityIntent=Intent { act=android.intent.action.MAIN cat=[android.intent.category.LAUNCHER] cmp=com.example.dogglers/.VerticalListActivity }, activity.getIntent()=Intent { act=android.intent.action.MAIN cat=[android.intent.category.LAUNCHER] flg=0x10000000 cmp=com.example.dogglers/androidx.test.core.app.InstrumentationActivityInvoker$EmptyActivity }, activity=androidx.test.core.app.InstrumentationActivityInvoker$EmptyActivity@ffd030a
08-27 09:31:43.927 17612 17612 D LifecycleMonitor: Lifecycle status change: androidx.test.core.app.InstrumentationActivityInvoker$EmptyActivity@ffd030a in: RESUMED
08-27 09:31:43.927 17612 17612 V ActivityScenario: Activity lifecycle changed event received but ignored because the intent does not match. startActivityIntent=Intent { act=android.intent.action.MAIN cat=[android.intent.category.LAUNCHER] cmp=com.example.dogglers/.VerticalListActivity }, activity.getIntent()=Intent { act=android.intent.action.MAIN cat=[android.intent.category.LAUNCHER] flg=0x10000000 cmp=com.example.dogglers/androidx.test.core.app.InstrumentationActivityInvoker$EmptyActivity }, activity=androidx.test.core.app.InstrumentationActivityInvoker$EmptyActivity@ffd030a
08-27 09:31:43.996  1926  1947 I ActivityManager: Displayed com.example.dogglers/androidx.test.core.app.InstrumentationActivityInvoker$EmptyActivity: +84ms (total +195ms)
08-27 09:31:44.041  2045  2045 W ResourceType: Failure getting entry for 0x7f0d0000 (t=12 e=0) (error -75)
08-27 09:31:44.042  2045  2045 W PackageManager: Failure retrieving resources for com.example.dogglers: Resource ID #0x7f0d0000
08-27 09:31:44.053 17612 17612 D LifecycleMonitor: Lifecycle status change: androidx.test.core.app.InstrumentationActivityInvoker$EmptyActivity@ffd030a in: PAUSED
08-27 09:31:44.054 17612 17612 V ActivityScenario: Activity lifecycle changed event received but ignored because the intent does not match. startActivityIntent=Intent { act=android.intent.action.MAIN cat=[android.intent.category.LAUNCHER] cmp=com.example.dogglers/.VerticalListActivity }, activity.getIntent()=Intent { act=android.intent.action.MAIN cat=[android.intent.category.LAUNCHER] flg=0x10000000 cmp=com.example.dogglers/androidx.test.core.app.InstrumentationActivityInvoker$EmptyActivity }, activity=androidx.test.core.app.InstrumentationActivityInvoker$EmptyActivity@ffd030a
08-27 09:31:44.088 17612 17612 D LifecycleMonitor: Lifecycle status change: com.example.dogglers.VerticalListActivity@2b295c4 in: STOPPED
08-27 09:31:44.088 17612 17612 V ActivityScenario: Update currentActivityStage to STOPPED, currentActivity=com.example.dogglers.VerticalListActivity@2b295c4
08-27 09:31:44.090 17612 17612 D LifecycleMonitor: Lifecycle status change: com.example.dogglers.VerticalListActivity@2b295c4 in: DESTROYED
08-27 09:31:44.091 17612 17612 V ActivityScenario: Update currentActivityStage to DESTROYED, currentActivity=null
08-27 09:31:44.119 17612 17612 D LifecycleMonitor: Lifecycle status change: androidx.test.core.app.InstrumentationActivityInvoker$EmptyActivity@2b094fe in: STOPPED
08-27 09:31:44.120 17612 17612 V ActivityScenario: Activity lifecycle changed event received but ignored because the intent does not match. startActivityIntent=Intent { act=android.intent.action.MAIN cat=[android.intent.category.LAUNCHER] cmp=com.example.dogglers/.VerticalListActivity }, activity.getIntent()=Intent { act=android.intent.action.MAIN cat=[android.intent.category.LAUNCHER] flg=0x10000000 cmp=com.example.dogglers/androidx.test.core.app.InstrumentationActivityInvoker$EmptyActivity }, activity=androidx.test.core.app.InstrumentationActivityInvoker$EmptyActivity@2b094fe
08-27 09:31:44.126 17612 17612 D LifecycleMonitor: Lifecycle status change: androidx.test.core.app.InstrumentationActivityInvoker$EmptyActivity@2b094fe in: DESTROYED
08-27 09:31:44.126 17612 17612 V ActivityScenario: Activity lifecycle changed event received but ignored because the intent does not match. startActivityIntent=Intent { act=android.intent.action.MAIN cat=[android.intent.category.LAUNCHER] cmp=com.example.dogglers/.VerticalListActivity }, activity.getIntent()=Intent { act=android.intent.action.MAIN cat=[android.intent.category.LAUNCHER] flg=0x10000000 cmp=com.example.dogglers/androidx.test.core.app.InstrumentationActivityInvoker$EmptyActivity }, activity=androidx.test.core.app.InstrumentationActivityInvoker$EmptyActivity@2b094fe
08-27 09:31:44.134 17612 17630 I TestRunner: finished: recycler_view_item_count(com.example.dogglers.VerticalListTests)
